
> frontend@0.0.0 build
> vite build

[36mvite v7.3.1 [32mbuilding client environment for production...[36m[39m
transforming...
node.exe : Browserslist: browsers data (caniuse-lite) is 7 months old. Please run:
No linha:1 caractere:1
+ & "C:\Program Files\nodejs/node.exe" "C:\Program Files\nodejs/node_mo ...
+ ~~~~~~~~~~~~~~~~~~~~~~~~~~~~~~~~~~~~~~~~~~~~~~~~~~~~~~~~~~~~~~~~~~~~~
    + CategoryInfo          : NotSpecified: (Browserslist: b...ld. Please run::String) [], RemoteException
    + FullyQualifiedErrorId : NativeCommandError
 
  npx update-browserslist-db@latest
  Why you should do it regularly: https://github.com/browserslist/update-db#readme
[32mÔ£ô[39m 27 modules transformed.
[31mÔ£ù[39m Build failed in 940ms
[31merror during build:
[31m[vite-plugin-pwa:build] [plugin vite-plugin-pwa:build] src/pages/Configuracao.tsx (68:3): There was an error 
during the build:
  Transform failed with 1 error:
C:/SincoWeb/SINCO-WEB/SINCO-WEB/frontend/src/pages/Configuracao.tsx:68:3: ERROR: Unexpected "catch"
Additionally, handling the error in the 'buildEnd' hook caused the following error:
  Transform failed with 1 error:
C:/SincoWeb/SINCO-WEB/SINCO-WEB/frontend/src/pages/Configuracao.tsx:68:3: ERROR: Unexpected "catch"[31m
file: [36mC:/SincoWeb/SINCO-WEB/SINCO-WEB/frontend/src/pages/Configuracao.tsx:68:3[31m
[33m
[33mUnexpected "catch"[33m
66 |   const parsed = JSON.parse(storedAdmin);
67 |   if (parsed.role === 'admin' || parsed.isSuperadmin) {
68 |   } catch { /* ignore */ }
   |     ^
69 |   }, [globalUser]);
70 |   const fetchConfig = () => {
[31m
    at getRollupError 
(file:///C:/SincoWeb/SINCO-WEB/SINCO-WEB/frontend/node_modules/rollup/dist/es/shared/parseAst.js:401:41)
    at file:///C:/SincoWeb/SINCO-WEB/SINCO-WEB/frontend/node_modules/rollup/dist/es/shared/node-entry.js:23467:39
    at process.processTicksAndRejections (node:internal/process/task_queues:103:5)
    at async catchUnfinishedHookActions 
(file:///C:/SincoWeb/SINCO-WEB/SINCO-WEB/frontend/node_modules/rollup/dist/es/shared/node-entry.js:22925:16)
    at async rollupInternal 
(file:///C:/SincoWeb/SINCO-WEB/SINCO-WEB/frontend/node_modules/rollup/dist/es/shared/node-entry.js:23450:5)
    at async buildEnvironment 
(file:///C:/SincoWeb/SINCO-WEB/SINCO-WEB/frontend/node_modules/vite/dist/node/chunks/config.js:33541:12)
    at async Object.build 
(file:///C:/SincoWeb/SINCO-WEB/SINCO-WEB/frontend/node_modules/vite/dist/node/chunks/config.js:33900:19)
    at async Object.buildApp 
(file:///C:/SincoWeb/SINCO-WEB/SINCO-WEB/frontend/node_modules/vite/dist/node/chunks/config.js:33897:153)
    at async CAC.<anonymous> 
(file:///C:/SincoWeb/SINCO-WEB/SINCO-WEB/frontend/node_modules/vite/dist/node/cli.js:629:3)[39m
