src/pages/AcompanhamentoGeral.tsx(2,8): error TS1259: Module '"C:/SincoWeb/SINCO-WEB/SINCO-WEB/frontend/node_modules/@types/react/index"' can only be default-imported using the 'esModuleInterop' flag
src/pages/AcompanhamentoGeral.tsx(11,30): error TS6142: Module '../contexts/AppConfigContext' was resolved to 'C:/SincoWeb/SINCO-WEB/SINCO-WEB/frontend/src/contexts/AppConfigContext.tsx', but '--jsx' is not set.
src/pages/AcompanhamentoGeral.tsx(26,2): error TS2300: Duplicate identifier 'QtdeTags'.
src/pages/AcompanhamentoGeral.tsx(53,2): error TS2300: Duplicate identifier 'QtdeTags'.
src/pages/AcompanhamentoGeral.tsx(137,2): error TS17004: Cannot use JSX unless the '--jsx' flag is provided.
src/pages/AcompanhamentoGeral.tsx(138,2): error TS17004: Cannot use JSX unless the '--jsx' flag is provided.
src/pages/AcompanhamentoGeral.tsx(151,2): error TS17004: Cannot use JSX unless the '--jsx' flag is provided.
src/pages/AcompanhamentoGeral.tsx(152,2): error TS17004: Cannot use JSX unless the '--jsx' flag is provided.
src/pages/AcompanhamentoGeral.tsx(159,2): error TS17004: Cannot use JSX unless the '--jsx' flag is provided.
src/pages/AcompanhamentoGeral.tsx(160,2): error TS17004: Cannot use JSX unless the '--jsx' flag is provided.
src/pages/AcompanhamentoGeral.tsx(167,2): error TS17004: Cannot use JSX unless the '--jsx' flag is provided.
src/pages/AcompanhamentoGeral.tsx(168,2): error TS17004: Cannot use JSX unless the '--jsx' flag is provided.
src/pages/AcompanhamentoGeral.tsx(169,2): error TS17004: Cannot use JSX unless the '--jsx' flag is provided.
src/pages/AcompanhamentoGeral.tsx(170,2): error TS17004: Cannot use JSX unless the '--jsx' flag is provided.
src/pages/AcompanhamentoGeral.tsx(171,2): error TS17004: Cannot use JSX unless the '--jsx' flag is provided.
src/pages/AcompanhamentoGeral.tsx(173,2): error TS17004: Cannot use JSX unless the '--jsx' flag is provided.
src/pages/AcompanhamentoGeral.tsx(174,2): error TS17004: Cannot use JSX unless the '--jsx' flag is provided.
src/pages/AcompanhamentoGeral.tsx(175,2): error TS17004: Cannot use JSX unless the '--jsx' flag is provided.
src/pages/AcompanhamentoGeral.tsx(178,2): error TS17004: Cannot use JSX unless the '--jsx' flag is provided.
src/pages/AcompanhamentoGeral.tsx(179,2): error TS17004: Cannot use JSX unless the '--jsx' flag is provided.
src/pages/AcompanhamentoGeral.tsx(180,2): error TS17004: Cannot use JSX unless the '--jsx' flag is provided.
src/pages/AcompanhamentoGeral.tsx(237,2): error TS17004: Cannot use JSX unless the '--jsx' flag is provided.
src/pages/AcompanhamentoGeral.tsx(238,2): error TS17004: Cannot use JSX unless the '--jsx' flag is provided.
src/pages/AcompanhamentoGeral.tsx(239,2): error TS17004: Cannot use JSX unless the '--jsx' flag is provided.
src/pages/AcompanhamentoGeral.tsx(240,2): error TS17004: Cannot use JSX unless the '--jsx' flag is provided.
src/pages/AcompanhamentoGeral.tsx(265,28): error TS2339: Property 'IdTag' does not exist on type 'unknown'.
src/pages/AcompanhamentoGeral.tsx(265,41): error TS2339: Property 'IdProjeto' does not exist on type 'unknown'.
src/pages/AcompanhamentoGeral.tsx(266,31): error TS2339: Property 'Tag' does not exist on type 'unknown'.
src/pages/AcompanhamentoGeral.tsx(266,42): error TS2339: Property 'Projeto' does not exist on type 'unknown'.
src/pages/AcompanhamentoGeral.tsx(267,30): error TS2339: Property 'DescTag' does not exist on type 'unknown'.
src/pages/AcompanhamentoGeral.tsx(267,45): error TS2339: Property 'DescProjeto' does not exist on type 'unknown'.
src/pages/AcompanhamentoGeral.tsx(268,19): error TS2339: Property 'Finalizado' does not exist on type 'unknown'.
src/pages/AcompanhamentoGeral.tsx(312,2): error TS17004: Cannot use JSX unless the '--jsx' flag is provided.
src/pages/AcompanhamentoGeral.tsx(314,2): error TS17004: Cannot use JSX unless the '--jsx' flag is provided.
src/pages/AcompanhamentoGeral.tsx(315,2): error TS17004: Cannot use JSX unless the '--jsx' flag is provided.
src/pages/AcompanhamentoGeral.tsx(316,2): error TS17004: Cannot use JSX unless the '--jsx' flag is provided.
src/pages/AcompanhamentoGeral.tsx(317,2): error TS17004: Cannot use JSX unless the '--jsx' flag is provided.
src/pages/AcompanhamentoGeral.tsx(319,2): error TS17004: Cannot use JSX unless the '--jsx' flag is provided.
src/pages/AcompanhamentoGeral.tsx(320,2): error TS17004: Cannot use JSX unless the '--jsx' flag is provided.
src/pages/AcompanhamentoGeral.tsx(321,2): error TS17004: Cannot use JSX unless the '--jsx' flag is provided.
src/pages/AcompanhamentoGeral.tsx(323,2): error TS17004: Cannot use JSX unless the '--jsx' flag is provided.
src/pages/AcompanhamentoGeral.tsx(324,2): error TS17004: Cannot use JSX unless the '--jsx' flag is provided.
src/pages/AcompanhamentoGeral.tsx(325,2): error TS17004: Cannot use JSX unless the '--jsx' flag is provided.
src/pages/AcompanhamentoGeral.tsx(328,2): error TS17004: Cannot use JSX unless the '--jsx' flag is provided.
src/pages/AcompanhamentoGeral.tsx(329,2): error TS17004: Cannot use JSX unless the '--jsx' flag is provided.
src/pages/AcompanhamentoGeral.tsx(330,2): error TS17004: Cannot use JSX unless the '--jsx' flag is provided.
src/pages/AcompanhamentoGeral.tsx(335,2): error TS17004: Cannot use JSX unless the '--jsx' flag is provided.
src/pages/AcompanhamentoGeral.tsx(336,2): error TS17004: Cannot use JSX unless the '--jsx' flag is provided.
src/pages/AcompanhamentoGeral.tsx(338,2): error TS17004: Cannot use JSX unless the '--jsx' flag is provided.
src/pages/AcompanhamentoGeral.tsx(339,2): error TS17004: Cannot use JSX unless the '--jsx' flag is provided.
src/pages/AcompanhamentoGeral.tsx(340,2): error TS17004: Cannot use JSX unless the '--jsx' flag is provided.
src/pages/AcompanhamentoGeral.tsx(342,2): error TS17004: Cannot use JSX unless the '--jsx' flag is provided.
src/pages/AcompanhamentoGeral.tsx(344,2): error TS17004: Cannot use JSX unless the '--jsx' flag is provided.
src/pages/AcompanhamentoGeral.tsx(345,2): error TS17004: Cannot use JSX unless the '--jsx' flag is provided.
src/pages/AcompanhamentoGeral.tsx(346,2): error TS17004: Cannot use JSX unless the '--jsx' flag is provided.
src/pages/AcompanhamentoGeral.tsx(351,2): error TS17004: Cannot use JSX unless the '--jsx' flag is provided.
src/pages/AcompanhamentoGeral.tsx(352,2): error TS17004: Cannot use JSX unless the '--jsx' flag is provided.
src/pages/AcompanhamentoGeral.tsx(361,2): error TS17004: Cannot use JSX unless the '--jsx' flag is provided.
src/pages/AcompanhamentoGeral.tsx(363,2): error TS17004: Cannot use JSX unless the '--jsx' flag is provided.
src/pages/AcompanhamentoGeral.tsx(364,2): error TS17004: Cannot use JSX unless the '--jsx' flag is provided.
src/pages/AcompanhamentoGeral.tsx(368,2): error TS17004: Cannot use JSX unless the '--jsx' flag is provided.
src/pages/AcompanhamentoGeral.tsx(369,20): error TS17004: Cannot use JSX unless the '--jsx' flag is provided.
src/pages/AcompanhamentoGeral.tsx(369,66): error TS17004: Cannot use JSX unless the '--jsx' flag is provided.
src/pages/AcompanhamentoGeral.tsx(371,2): error TS17004: Cannot use JSX unless the '--jsx' flag is provided.
src/pages/AcompanhamentoGeral.tsx(372,2): error TS17004: Cannot use JSX unless the '--jsx' flag is provided.
src/pages/AcompanhamentoGeral.tsx(375,2): error TS17004: Cannot use JSX unless the '--jsx' flag is provided.
src/pages/AcompanhamentoGeral.tsx(379,2): error TS17004: Cannot use JSX unless the '--jsx' flag is provided.
src/pages/AcompanhamentoGeral.tsx(382,2): error TS17004: Cannot use JSX unless the '--jsx' flag is provided.
src/pages/AcompanhamentoGeral.tsx(385,2): error TS17004: Cannot use JSX unless the '--jsx' flag is provided.
src/pages/AcompanhamentoGeral.tsx(397,2): error TS17004: Cannot use JSX unless the '--jsx' flag is provided.
src/pages/AcompanhamentoGeral.tsx(399,2): error TS17004: Cannot use JSX unless the '--jsx' flag is provided.
src/pages/AcompanhamentoGeral.tsx(403,2): error TS17004: Cannot use JSX unless the '--jsx' flag is provided.
src/pages/AcompanhamentoGeral.tsx(405,2): error TS17004: Cannot use JSX unless the '--jsx' flag is provided.
src/pages/AcompanhamentoGeral.tsx(406,2): error TS17004: Cannot use JSX unless the '--jsx' flag is provided.
src/pages/AcompanhamentoGeral.tsx(407,2): error TS17004: Cannot use JSX unless the '--jsx' flag is provided.
src/pages/AcompanhamentoGeral.tsx(411,2): error TS17004: Cannot use JSX unless the '--jsx' flag is provided.
src/pages/AcompanhamentoGeral.tsx(413,2): error TS17004: Cannot use JSX unless the '--jsx' flag is provided.
src/pages/AcompanhamentoGeral.tsx(414,2): error TS17004: Cannot use JSX unless the '--jsx' flag is provided.
src/pages/AcompanhamentoGeral.tsx(415,2): error TS17004: Cannot use JSX unless the '--jsx' flag is provided.
src/pages/AcompanhamentoGeral.tsx(417,6): error TS17004: Cannot use JSX unless the '--jsx' flag is provided.
src/pages/AcompanhamentoGeral.tsx(421,2): error TS17004: Cannot use JSX unless the '--jsx' flag is provided.
src/pages/AcompanhamentoGeral.tsx(423,2): error TS17004: Cannot use JSX unless the '--jsx' flag is provided.
src/pages/AcompanhamentoGeral.tsx(424,2): error TS17004: Cannot use JSX unless the '--jsx' flag is provided.
src/pages/AcompanhamentoGeral.tsx(425,2): error TS17004: Cannot use JSX unless the '--jsx' flag is provided.
src/pages/AcompanhamentoGeral.tsx(427,6): error TS17004: Cannot use JSX unless the '--jsx' flag is provided.
src/pages/AcompanhamentoGeral.tsx(431,2): error TS17004: Cannot use JSX unless the '--jsx' flag is provided.
src/pages/AcompanhamentoGeral.tsx(432,2): error TS17004: Cannot use JSX unless the '--jsx' flag is provided.
src/pages/AcompanhamentoGeral.tsx(433,2): error TS17004: Cannot use JSX unless the '--jsx' flag is provided.
src/pages/AcompanhamentoGeral.tsx(439,2): error TS17004: Cannot use JSX unless the '--jsx' flag is provided.
src/pages/AcompanhamentoGeral.tsx(442,2): error TS17004: Cannot use JSX unless the '--jsx' flag is provided.
src/pages/AcompanhamentoGeral.tsx(446,2): error TS17004: Cannot use JSX unless the '--jsx' flag is provided.
src/pages/AcompanhamentoGeral.tsx(451,2): error TS17004: Cannot use JSX unless the '--jsx' flag is provided.
src/pages/AcompanhamentoGeral.tsx(466,2): error TS17004: Cannot use JSX unless the '--jsx' flag is provided.
src/pages/AcompanhamentoGeral.tsx(479,2): error TS17004: Cannot use JSX unless the '--jsx' flag is provided.
src/pages/AcompanhamentoGeral.tsx(487,2): error TS17004: Cannot use JSX unless the '--jsx' flag is provided.
src/pages/AcompanhamentoGeral.tsx(515,2): error TS17004: Cannot use JSX unless the '--jsx' flag is provided.
src/pages/AcompanhamentoGeral.tsx(517,2): error TS17004: Cannot use JSX unless the '--jsx' flag is provided.
src/pages/AcompanhamentoGeral.tsx(521,2): error TS17004: Cannot use JSX unless the '--jsx' flag is provided.
src/pages/AcompanhamentoGeral.tsx(522,2): error TS17004: Cannot use JSX unless the '--jsx' flag is provided.
src/pages/AcompanhamentoGeral.tsx(524,2): error TS17004: Cannot use JSX unless the '--jsx' flag is provided.
src/pages/AcompanhamentoGeral.tsx(525,2): error TS17004: Cannot use JSX unless the '--jsx' flag is provided.
src/pages/AcompanhamentoGeral.tsx(526,2): error TS17004: Cannot use JSX unless the '--jsx' flag is provided.
src/pages/AcompanhamentoGeral.tsx(528,2): error TS17004: Cannot use JSX unless the '--jsx' flag is provided.
src/pages/AcompanhamentoGeral.tsx(529,2): error TS17004: Cannot use JSX unless the '--jsx' flag is provided.
src/pages/AcompanhamentoGeral.tsx(533,18): error TS17004: Cannot use JSX unless the '--jsx' flag is provided.
src/pages/AcompanhamentoGeral.tsx(535,2): error TS17004: Cannot use JSX unless the '--jsx' flag is provided.
src/pages/AcompanhamentoGeral.tsx(538,24): error TS2352: Conversion of type 'TagDetalhe' to type 'Record<string, unknown>' may be a mistake because neither type sufficiently overlaps with the other. If this was intentional, convert the expression to 'unknown' first.
  Index signature for type 'string' is missing in type 'TagDetalhe'.
src/pages/AcompanhamentoGeral.tsx(540,22): error TS2352: Conversion of type 'TagDetalhe' to type 'Record<string, unknown>' may be a mistake because neither type sufficiently overlaps with the other. If this was intentional, convert the expression to 'unknown' first.
  Index signature for type 'string' is missing in type 'TagDetalhe'.
src/pages/AcompanhamentoGeral.tsx(541,22): error TS2352: Conversion of type 'TagDetalhe' to type 'Record<string, unknown>' may be a mistake because neither type sufficiently overlaps with the other. If this was intentional, convert the expression to 'unknown' first.
  Index signature for type 'string' is missing in type 'TagDetalhe'.
src/pages/AcompanhamentoGeral.tsx(544,2): error TS17004: Cannot use JSX unless the '--jsx' flag is provided.
src/pages/AcompanhamentoGeral.tsx(545,2): error TS17004: Cannot use JSX unless the '--jsx' flag is provided.
src/pages/AcompanhamentoGeral.tsx(546,2): error TS17004: Cannot use JSX unless the '--jsx' flag is provided.
src/pages/AcompanhamentoGeral.tsx(547,2): error TS17004: Cannot use JSX unless the '--jsx' flag is provided.
src/pages/AcompanhamentoGeral.tsx(551,2): error TS17004: Cannot use JSX unless the '--jsx' flag is provided.
src/pages/AcompanhamentoGeral.tsx(552,14): error TS17004: Cannot use JSX unless the '--jsx' flag is provided.
src/pages/AcompanhamentoGeral.tsx(552,67): error TS17004: Cannot use JSX unless the '--jsx' flag is provided.
src/pages/AcompanhamentoGeral.tsx(559,2): error TS17004: Cannot use JSX unless the '--jsx' flag is provided.
src/pages/AcompanhamentoGeral.tsx(560,2): error TS17004: Cannot use JSX unless the '--jsx' flag is provided.
src/pages/AcompanhamentoGeral.tsx(562,24): error TS2352: Conversion of type 'TagDetalhe' to type 'Record<string, unknown>' may be a mistake because neither type sufficiently overlaps with the other. If this was intentional, convert the expression to 'unknown' first.
  Index signature for type 'string' is missing in type 'TagDetalhe'.
src/pages/AcompanhamentoGeral.tsx(564,22): error TS2352: Conversion of type 'TagDetalhe' to type 'Record<string, unknown>' may be a mistake because neither type sufficiently overlaps with the other. If this was intentional, convert the expression to 'unknown' first.
  Index signature for type 'string' is missing in type 'TagDetalhe'.
src/pages/AcompanhamentoGeral.tsx(565,22): error TS2352: Conversion of type 'TagDetalhe' to type 'Record<string, unknown>' may be a mistake because neither type sufficiently overlaps with the other. If this was intentional, convert the expression to 'unknown' first.
  Index signature for type 'string' is missing in type 'TagDetalhe'.
src/pages/AcompanhamentoGeral.tsx(566,17): error TS2352: Conversion of type 'TagDetalhe' to type 'Record<string, unknown>' may be a mistake because neither type sufficiently overlaps with the other. If this was intentional, convert the expression to 'unknown' first.
  Index signature for type 'string' is missing in type 'TagDetalhe'.
src/pages/AcompanhamentoGeral.tsx(567,17): error TS2352: Conversion of type 'TagDetalhe' to type 'Record<string, unknown>' may be a mistake because neither type sufficiently overlaps with the other. If this was intentional, convert the expression to 'unknown' first.
  Index signature for type 'string' is missing in type 'TagDetalhe'.
src/pages/AcompanhamentoGeral.tsx(568,17): error TS2352: Conversion of type 'TagDetalhe' to type 'Record<string, unknown>' may be a mistake because neither type sufficiently overlaps with the other. If this was intentional, convert the expression to 'unknown' first.
  Index signature for type 'string' is missing in type 'TagDetalhe'.
src/pages/AcompanhamentoGeral.tsx(569,17): error TS2352: Conversion of type 'TagDetalhe' to type 'Record<string, unknown>' may be a mistake because neither type sufficiently overlaps with the other. If this was intentional, convert the expression to 'unknown' first.
  Index signature for type 'string' is missing in type 'TagDetalhe'.
src/pages/AcompanhamentoGeral.tsx(572,2): error TS17004: Cannot use JSX unless the '--jsx' flag is provided.
src/pages/AcompanhamentoGeral.tsx(573,2): error TS17004: Cannot use JSX unless the '--jsx' flag is provided.
src/pages/AcompanhamentoGeral.tsx(574,2): error TS17004: Cannot use JSX unless the '--jsx' flag is provided.
src/pages/AcompanhamentoGeral.tsx(575,2): error TS17004: Cannot use JSX unless the '--jsx' flag is provided.
src/pages/AcompanhamentoGeral.tsx(577,2): error TS17004: Cannot use JSX unless the '--jsx' flag is provided.
src/pages/AcompanhamentoGeral.tsx(578,2): error TS17004: Cannot use JSX unless the '--jsx' flag is provided.
src/pages/AcompanhamentoGeral.tsx(579,2): error TS17004: Cannot use JSX unless the '--jsx' flag is provided.
src/pages/AcompanhamentoGeral.tsx(581,2): error TS17004: Cannot use JSX unless the '--jsx' flag is provided.
src/pages/AcompanhamentoGeral.tsx(582,2): error TS17004: Cannot use JSX unless the '--jsx' flag is provided.
src/pages/AcompanhamentoGeral.tsx(583,2): error TS17004: Cannot use JSX unless the '--jsx' flag is provided.
src/pages/AcompanhamentoGeral.tsx(584,2): error TS17004: Cannot use JSX unless the '--jsx' flag is provided.
src/pages/AcompanhamentoGeral.tsx(585,2): error TS17004: Cannot use JSX unless the '--jsx' flag is provided.
src/pages/AcompanhamentoGeral.tsx(585,17): error TS2345: Argument of type 'unknown' is not assignable to parameter of type 'string'.
src/pages/AcompanhamentoGeral.tsx(587,2): error TS17004: Cannot use JSX unless the '--jsx' flag is provided.
src/pages/AcompanhamentoGeral.tsx(588,2): error TS17004: Cannot use JSX unless the '--jsx' flag is provided.
src/pages/AcompanhamentoGeral.tsx(589,2): error TS17004: Cannot use JSX unless the '--jsx' flag is provided.
src/pages/AcompanhamentoGeral.tsx(589,17): error TS2345: Argument of type 'unknown' is not assignable to parameter of type 'string'.
src/pages/AcompanhamentoGeral.tsx(591,2): error TS17004: Cannot use JSX unless the '--jsx' flag is provided.
src/pages/AcompanhamentoGeral.tsx(592,2): error TS17004: Cannot use JSX unless the '--jsx' flag is provided.
src/pages/AcompanhamentoGeral.tsx(593,2): error TS17004: Cannot use JSX unless the '--jsx' flag is provided.
src/pages/AcompanhamentoGeral.tsx(593,17): error TS2345: Argument of type 'unknown' is not assignable to parameter of type 'string'.
src/pages/AcompanhamentoGeral.tsx(595,2): error TS17004: Cannot use JSX unless the '--jsx' flag is provided.
src/pages/AcompanhamentoGeral.tsx(596,2): error TS17004: Cannot use JSX unless the '--jsx' flag is provided.
src/pages/AcompanhamentoGeral.tsx(597,2): error TS17004: Cannot use JSX unless the '--jsx' flag is provided.
src/pages/AcompanhamentoGeral.tsx(597,17): error TS2345: Argument of type 'unknown' is not assignable to parameter of type 'string'.
src/pages/AcompanhamentoGeral.tsx(651,2): error TS17004: Cannot use JSX unless the '--jsx' flag is provided.
src/pages/AcompanhamentoGeral.tsx(653,2): error TS17004: Cannot use JSX unless the '--jsx' flag is provided.
src/pages/AcompanhamentoGeral.tsx(654,2): error TS17004: Cannot use JSX unless the '--jsx' flag is provided.
src/pages/AcompanhamentoGeral.tsx(655,2): error TS17004: Cannot use JSX unless the '--jsx' flag is provided.
src/pages/AcompanhamentoGeral.tsx(659,2): error TS17004: Cannot use JSX unless the '--jsx' flag is provided.
src/pages/AcompanhamentoGeral.tsx(661,2): error TS17004: Cannot use JSX unless the '--jsx' flag is provided.
src/pages/AcompanhamentoGeral.tsx(662,2): error TS17004: Cannot use JSX unless the '--jsx' flag is provided.
src/pages/AcompanhamentoGeral.tsx(663,2): error TS17004: Cannot use JSX unless the '--jsx' flag is provided.
src/pages/AcompanhamentoGeral.tsx(664,2): error TS17004: Cannot use JSX unless the '--jsx' flag is provided.
src/pages/AcompanhamentoGeral.tsx(666,2): error TS17004: Cannot use JSX unless the '--jsx' flag is provided.
src/pages/AcompanhamentoGeral.tsx(667,2): error TS17004: Cannot use JSX unless the '--jsx' flag is provided.
src/pages/AcompanhamentoGeral.tsx(669,26): error TS17004: Cannot use JSX unless the '--jsx' flag is provided.
src/pages/AcompanhamentoGeral.tsx(671,2): error TS17004: Cannot use JSX unless the '--jsx' flag is provided.
src/pages/AcompanhamentoGeral.tsx(673,2): error TS17004: Cannot use JSX unless the '--jsx' flag is provided.
src/pages/AcompanhamentoGeral.tsx(674,2): error TS17004: Cannot use JSX unless the '--jsx' flag is provided.
src/pages/AcompanhamentoGeral.tsx(677,2): error TS17004: Cannot use JSX unless the '--jsx' flag is provided.
src/pages/AcompanhamentoGeral.tsx(678,2): error TS17004: Cannot use JSX unless the '--jsx' flag is provided.
src/pages/AcompanhamentoGeral.tsx(685,2): error TS17004: Cannot use JSX unless the '--jsx' flag is provided.
src/pages/AcompanhamentoGeral.tsx(686,2): error TS17004: Cannot use JSX unless the '--jsx' flag is provided.
src/pages/AcompanhamentoGeral.tsx(695,2): error TS17004: Cannot use JSX unless the '--jsx' flag is provided.
src/pages/AcompanhamentoGeral.tsx(697,2): error TS17004: Cannot use JSX unless the '--jsx' flag is provided.
src/pages/AcompanhamentoGeral.tsx(706,2): error TS17004: Cannot use JSX unless the '--jsx' flag is provided.
src/pages/AcompanhamentoGeral.tsx(710,2): error TS17004: Cannot use JSX unless the '--jsx' flag is provided.
src/pages/AcompanhamentoGeral.tsx(716,2): error TS17004: Cannot use JSX unless the '--jsx' flag is provided.
src/pages/AcompanhamentoGeral.tsx(723,2): error TS17004: Cannot use JSX unless the '--jsx' flag is provided.
src/pages/AcompanhamentoGeral.tsx(724,2): error TS17004: Cannot use JSX unless the '--jsx' flag is provided.
src/pages/AcompanhamentoGeral.tsx(725,2): error TS17004: Cannot use JSX unless the '--jsx' flag is provided.
src/pages/AcompanhamentoGeral.tsx(726,2): error TS17004: Cannot use JSX unless the '--jsx' flag is provided.
src/pages/AcompanhamentoGeral.tsx(727,2): error TS17004: Cannot use JSX unless the '--jsx' flag is provided.
src/pages/AcompanhamentoGeral.tsx(729,2): error TS17004: Cannot use JSX unless the '--jsx' flag is provided.
src/pages/AcompanhamentoGeral.tsx(731,2): error TS17004: Cannot use JSX unless the '--jsx' flag is provided.
src/pages/AcompanhamentoGeral.tsx(732,2): error TS17004: Cannot use JSX unless the '--jsx' flag is provided.
src/pages/AcompanhamentoGeral.tsx(733,2): error TS17004: Cannot use JSX unless the '--jsx' flag is provided.
src/pages/AcompanhamentoGeral.tsx(734,2): error TS17004: Cannot use JSX unless the '--jsx' flag is provided.
src/pages/AcompanhamentoGeral.tsx(735,2): error TS17004: Cannot use JSX unless the '--jsx' flag is provided.
src/pages/AcompanhamentoGeral.tsx(737,2): error TS17004: Cannot use JSX unless the '--jsx' flag is provided.
src/pages/AcompanhamentoGeral.tsx(738,2): error TS17004: Cannot use JSX unless the '--jsx' flag is provided.
src/pages/AcompanhamentoGeral.tsx(739,2): error TS17004: Cannot use JSX unless the '--jsx' flag is provided.
src/pages/AcompanhamentoGeral.tsx(742,2): error TS17004: Cannot use JSX unless the '--jsx' flag is provided.
src/pages/AcompanhamentoGeral.tsx(743,2): error TS17004: Cannot use JSX unless the '--jsx' flag is provided.
src/pages/AcompanhamentoGeral.tsx(744,2): error TS17004: Cannot use JSX unless the '--jsx' flag is provided.
src/pages/AcompanhamentoGeral.tsx(744,79): error TS2352: Conversion of type 'ProjetoAcomp' to type 'Record<string, unknown>' may be a mistake because neither type sufficiently overlaps with the other. If this was intentional, convert the expression to 'unknown' first.
  Index signature for type 'string' is missing in type 'ProjetoAcomp'.
src/pages/AcompanhamentoGeral.tsx(746,2): error TS17004: Cannot use JSX unless the '--jsx' flag is provided.
src/pages/AcompanhamentoGeral.tsx(747,2): error TS17004: Cannot use JSX unless the '--jsx' flag is provided.
src/pages/AcompanhamentoGeral.tsx(748,2): error TS17004: Cannot use JSX unless the '--jsx' flag is provided.
src/pages/AcompanhamentoGeral.tsx(748,79): error TS2352: Conversion of type 'ProjetoAcomp' to type 'Record<string, unknown>' may be a mistake because neither type sufficiently overlaps with the other. If this was intentional, convert the expression to 'unknown' first.
  Index signature for type 'string' is missing in type 'ProjetoAcomp'.
src/pages/AcompanhamentoGeral.tsx(757,2): error TS17004: Cannot use JSX unless the '--jsx' flag is provided.
src/pages/AcompanhamentoGeral.tsx(759,2): error TS17004: Cannot use JSX unless the '--jsx' flag is provided.
src/pages/AcompanhamentoGeral.tsx(760,2): error TS17004: Cannot use JSX unless the '--jsx' flag is provided.
src/pages/AcompanhamentoGeral.tsx(764,2): error TS17004: Cannot use JSX unless the '--jsx' flag is provided.
src/pages/AcompanhamentoGeral.tsx(765,2): error TS17004: Cannot use JSX unless the '--jsx' flag is provided.
src/pages/AcompanhamentoGeral.tsx(769,2): error TS17004: Cannot use JSX unless the '--jsx' flag is provided.
src/pages/AcompanhamentoGeral.tsx(770,2): error TS17004: Cannot use JSX unless the '--jsx' flag is provided.
src/pages/AcompanhamentoGeral.tsx(771,2): error TS17004: Cannot use JSX unless the '--jsx' flag is provided.
src/pages/AcompanhamentoGeral.tsx(776,2): error TS17004: Cannot use JSX unless the '--jsx' flag is provided.
src/pages/AcompanhamentoGeral.tsx(778,2): error TS17004: Cannot use JSX unless the '--jsx' flag is provided.
src/pages/AcompanhamentoGeral.tsx(779,2): error TS17004: Cannot use JSX unless the '--jsx' flag is provided.
src/pages/AcompanhamentoGeral.tsx(780,19): error TS17004: Cannot use JSX unless the '--jsx' flag is provided.
src/pages/AcompanhamentoGeral.tsx(780,37): error TS2322: Type '{ key: number; tag: TagDetalhe; setoresVisiveis: readonly [{ readonly key: "Corte"; readonly label: "Corte"; readonly icon: ForwardRefExoticComponent<Omit<LucideProps, "ref"> & RefAttributes<SVGSVGElement>>; readonly color: "#3b82f6"; readonly bg: "#eff6ff"; readonly border: "#bfdbfe"; readonly solid: "#2563eb"; }, ...' is not assignable to type '{ tag: TagDetalhe; setoresVisiveis: readonly [{ readonly key: "Corte"; readonly label: "Corte"; readonly icon: ForwardRefExoticComponent<Omit<LucideProps, "ref"> & RefAttributes<SVGSVGElement>>; readonly color: "#3b82f6"; readonly bg: "#eff6ff"; readonly border: "#bfdbfe"; readonly solid: "#2563eb"; }, ... 6 more .....'.
  Property 'key' does not exist on type '{ tag: TagDetalhe; setoresVisiveis: readonly [{ readonly key: "Corte"; readonly label: "Corte"; readonly icon: ForwardRefExoticComponent<Omit<LucideProps, "ref"> & RefAttributes<SVGSVGElement>>; readonly color: "#3b82f6"; readonly bg: "#eff6ff"; readonly border: "#bfdbfe"; readonly solid: "#2563eb"; }, ... 6 more .....'.
src/pages/AcompanhamentoGeral.tsx(785,2): error TS17004: Cannot use JSX unless the '--jsx' flag is provided.
src/pages/AcompanhamentoGeral.tsx(786,2): error TS17004: Cannot use JSX unless the '--jsx' flag is provided.
src/pages/AcompanhamentoGeral.tsx(830,2): error TS2304: Cannot find name 'setObsEdit'.
src/pages/AcompanhamentoGeral.tsx(842,46): error TS2304: Cannot find name 'e'.
src/pages/AcompanhamentoGeral.tsx(866,11): error TS2304: Cannot find name 'e'.
src/pages/AcompanhamentoGeral.tsx(891,9): error TS17004: Cannot use JSX unless the '--jsx' flag is provided.
src/pages/AcompanhamentoGeral.tsx(891,86): error TS2322: Type '({ readonly key: "Corte"; readonly label: "Corte"; readonly icon: ForwardRefExoticComponent<Omit<LucideProps, "ref"> & RefAttributes<SVGSVGElement>>; readonly color: "#3b82f6"; readonly bg: "#eff6ff"; readonly border: "#bfdbfe"; readonly solid: "#2563eb"; } | ... 6 more ... | { ...; })[]' is not assignable to type 'readonly [{ readonly key: "Corte"; readonly label: "Corte"; readonly icon: ForwardRefExoticComponent<Omit<LucideProps, "ref"> & RefAttributes<SVGSVGElement>>; readonly color: "#3b82f6"; readonly bg: "#eff6ff"; readonly border: "#bfdbfe"; readonly solid: "#2563eb"; }, ... 6 more ..., { ...; }]'.
  Target requires 8 element(s) but source may have fewer.
src/pages/AcompanhamentoGeral.tsx(895,2): error TS17004: Cannot use JSX unless the '--jsx' flag is provided.
src/pages/AcompanhamentoGeral.tsx(898,2): error TS17004: Cannot use JSX unless the '--jsx' flag is provided.
src/pages/AcompanhamentoGeral.tsx(899,2): error TS17004: Cannot use JSX unless the '--jsx' flag is provided.
src/pages/AcompanhamentoGeral.tsx(902,2): error TS17004: Cannot use JSX unless the '--jsx' flag is provided.
src/pages/AcompanhamentoGeral.tsx(903,2): error TS17004: Cannot use JSX unless the '--jsx' flag is provided.
src/pages/AcompanhamentoGeral.tsx(904,2): error TS17004: Cannot use JSX unless the '--jsx' flag is provided.
src/pages/AcompanhamentoGeral.tsx(910,2): error TS17004: Cannot use JSX unless the '--jsx' flag is provided.
src/pages/AcompanhamentoGeral.tsx(912,2): error TS17004: Cannot use JSX unless the '--jsx' flag is provided.
src/pages/AcompanhamentoGeral.tsx(918,2): error TS17004: Cannot use JSX unless the '--jsx' flag is provided.
src/pages/AcompanhamentoGeral.tsx(919,2): error TS17004: Cannot use JSX unless the '--jsx' flag is provided.
src/pages/AcompanhamentoGeral.tsx(920,2): error TS17004: Cannot use JSX unless the '--jsx' flag is provided.
src/pages/AcompanhamentoGeral.tsx(926,2): error TS17004: Cannot use JSX unless the '--jsx' flag is provided.
src/pages/AcompanhamentoGeral.tsx(928,2): error TS17004: Cannot use JSX unless the '--jsx' flag is provided.
src/pages/AcompanhamentoGeral.tsx(934,2): error TS17004: Cannot use JSX unless the '--jsx' flag is provided.
src/pages/AcompanhamentoGeral.tsx(935,2): error TS17004: Cannot use JSX unless the '--jsx' flag is provided.
src/pages/AcompanhamentoGeral.tsx(936,2): error TS17004: Cannot use JSX unless the '--jsx' flag is provided.
src/pages/AcompanhamentoGeral.tsx(937,2): error TS17004: Cannot use JSX unless the '--jsx' flag is provided.
src/pages/AcompanhamentoGeral.tsx(938,2): error TS17004: Cannot use JSX unless the '--jsx' flag is provided.
src/pages/AcompanhamentoGeral.tsx(941,14): error TS17004: Cannot use JSX unless the '--jsx' flag is provided.
src/pages/AcompanhamentoGeral.tsx(941,117): error TS17004: Cannot use JSX unless the '--jsx' flag is provided.
src/pages/AcompanhamentoGeral.tsx(942,2): error TS17004: Cannot use JSX unless the '--jsx' flag is provided.
src/pages/AcompanhamentoGeral.tsx(943,2): error TS17004: Cannot use JSX unless the '--jsx' flag is provided.
src/pages/AcompanhamentoGeral.tsx(944,2): error TS17004: Cannot use JSX unless the '--jsx' flag is provided.
src/pages/AcompanhamentoGeral.tsx(947,15): error TS17004: Cannot use JSX unless the '--jsx' flag is provided.
src/pages/AcompanhamentoGeral.tsx(947,119): error TS17004: Cannot use JSX unless the '--jsx' flag is provided.
src/pages/AcompanhamentoGeral.tsx(951,2): error TS17004: Cannot use JSX unless the '--jsx' flag is provided.
src/pages/AcompanhamentoGeral.tsx(952,2): error TS17004: Cannot use JSX unless the '--jsx' flag is provided.
src/pages/AcompanhamentoGeral.tsx(953,2): error TS17004: Cannot use JSX unless the '--jsx' flag is provided.
src/pages/AcompanhamentoGeral.tsx(955,2): error TS17004: Cannot use JSX unless the '--jsx' flag is provided.
src/pages/AcompanhamentoGeral.tsx(964,2): error TS17004: Cannot use JSX unless the '--jsx' flag is provided.
src/pages/AcompanhamentoGeral.tsx(968,2): error TS17004: Cannot use JSX unless the '--jsx' flag is provided.
src/pages/AcompanhamentoGeral.tsx(972,2): error TS17004: Cannot use JSX unless the '--jsx' flag is provided.
src/pages/AcompanhamentoGeral.tsx(978,2): error TS17004: Cannot use JSX unless the '--jsx' flag is provided.
src/pages/AcompanhamentoGeral.tsx(981,2): error TS17004: Cannot use JSX unless the '--jsx' flag is provided.
src/pages/AcompanhamentoGeral.tsx(982,2): error TS17004: Cannot use JSX unless the '--jsx' flag is provided.
src/pages/AcompanhamentoGeral.tsx(984,2): error TS17004: Cannot use JSX unless the '--jsx' flag is provided.
src/pages/AcompanhamentoGeral.tsx(986,2): error TS17004: Cannot use JSX unless the '--jsx' flag is provided.
src/pages/AcompanhamentoGeral.tsx(988,2): error TS17004: Cannot use JSX unless the '--jsx' flag is provided.
src/pages/AcompanhamentoGeral.tsx(994,2): error TS17004: Cannot use JSX unless the '--jsx' flag is provided.
src/pages/AcompanhamentoGeral.tsx(996,2): error TS17004: Cannot use JSX unless the '--jsx' flag is provided.
src/pages/AcompanhamentoGeral.tsx(1001,2): error TS17004: Cannot use JSX unless the '--jsx' flag is provided.
src/pages/AcompanhamentoGeral.tsx(1002,2): error TS17004: Cannot use JSX unless the '--jsx' flag is provided.
src/pages/AcompanhamentoGeral.tsx(1003,2): error TS17004: Cannot use JSX unless the '--jsx' flag is provided.
src/pages/AcompanhamentoGeral.tsx(1011,2): error TS17004: Cannot use JSX unless the '--jsx' flag is provided.
src/pages/AcompanhamentoGeral.tsx(1013,2): error TS17004: Cannot use JSX unless the '--jsx' flag is provided.
src/pages/AcompanhamentoGeral.tsx(1014,2): error TS17004: Cannot use JSX unless the '--jsx' flag is provided.
src/pages/AcompanhamentoGeral.tsx(1019,2): error TS17004: Cannot use JSX unless the '--jsx' flag is provided.
src/pages/AcompanhamentoGeral.tsx(1020,2): error TS17004: Cannot use JSX unless the '--jsx' flag is provided.
src/pages/AcompanhamentoGeral.tsx(1021,2): error TS17004: Cannot use JSX unless the '--jsx' flag is provided.
src/pages/AcompanhamentoGeral.tsx(1027,2): error TS17004: Cannot use JSX unless the '--jsx' flag is provided.
src/pages/AcompanhamentoGeral.tsx(1028,2): error TS17004: Cannot use JSX unless the '--jsx' flag is provided.
src/pages/AcompanhamentoGeral.tsx(1029,2): error TS17004: Cannot use JSX unless the '--jsx' flag is provided.
src/pages/AcompanhamentoGeral.tsx(1030,2): error TS17004: Cannot use JSX unless the '--jsx' flag is provided.
src/pages/AcompanhamentoGeral.tsx(1031,2): error TS17004: Cannot use JSX unless the '--jsx' flag is provided.
src/pages/AcompanhamentoGeral.tsx(1032,3): error TS17004: Cannot use JSX unless the '--jsx' flag is provided.
src/pages/AcompanhamentoGeral.tsx(1034,2): error TS17004: Cannot use JSX unless the '--jsx' flag is provided.
src/pages/AcompanhamentoGeral.tsx(1038,2): error TS17004: Cannot use JSX unless the '--jsx' flag is provided.
src/pages/AcompanhamentoGeral.tsx(1041,2): error TS17004: Cannot use JSX unless the '--jsx' flag is provided.
src/pages/AcompanhamentoGeral.tsx(1065,25): error TS2352: Conversion of type 'ProjetoAcomp' to type 'Record<string, unknown>' may be a mistake because neither type sufficiently overlaps with the other. If this was intentional, convert the expression to 'unknown' first.
  Index signature for type 'string' is missing in type 'ProjetoAcomp'.
src/pages/AcompanhamentoGeral.tsx(1073,36): error TS2345: Argument of type 'unknown' is not assignable to parameter of type 'string'.
src/pages/AcompanhamentoGeral.tsx(1092,2): error TS17004: Cannot use JSX unless the '--jsx' flag is provided.
src/pages/AcompanhamentoGeral.tsx(1098,2): error TS17004: Cannot use JSX unless the '--jsx' flag is provided.
src/pages/AcompanhamentoGeral.tsx(1099,2): error TS17004: Cannot use JSX unless the '--jsx' flag is provided.
src/pages/AcompanhamentoGeral.tsx(1100,2): error TS17004: Cannot use JSX unless the '--jsx' flag is provided.
src/pages/AcompanhamentoGeral.tsx(1101,2): error TS17004: Cannot use JSX unless the '--jsx' flag is provided.
src/pages/AcompanhamentoGeral.tsx(1105,2): error TS17004: Cannot use JSX unless the '--jsx' flag is provided.
src/pages/AcompanhamentoGeral.tsx(1106,2): error TS17004: Cannot use JSX unless the '--jsx' flag is provided.
src/pages/AcompanhamentoGeral.tsx(1107,2): error TS17004: Cannot use JSX unless the '--jsx' flag is provided.
src/pages/AcompanhamentoGeral.tsx(1109,2): error TS17004: Cannot use JSX unless the '--jsx' flag is provided.
src/pages/AcompanhamentoGeral.tsx(1115,3): error TS17004: Cannot use JSX unless the '--jsx' flag is provided.
src/pages/AcompanhamentoGeral.tsx(1119,2): error TS17004: Cannot use JSX unless the '--jsx' flag is provided.
src/pages/AcompanhamentoGeral.tsx(1120,2): error TS17004: Cannot use JSX unless the '--jsx' flag is provided.
src/pages/AcompanhamentoGeral.tsx(1121,17): error TS2352: Conversion of type 'ProjetoAcomp' to type 'Record<string, unknown>' may be a mistake because neither type sufficiently overlaps with the other. If this was intentional, convert the expression to 'unknown' first.
  Index signature for type 'string' is missing in type 'ProjetoAcomp'.
src/pages/AcompanhamentoGeral.tsx(1122,16): error TS2352: Conversion of type 'ProjetoAcomp' to type 'Record<string, unknown>' may be a mistake because neither type sufficiently overlaps with the other. If this was intentional, convert the expression to 'unknown' first.
  Index signature for type 'string' is missing in type 'ProjetoAcomp'.
src/pages/AcompanhamentoGeral.tsx(1123,15): error TS2352: Conversion of type 'ProjetoAcomp' to type 'Record<string, unknown>' may be a mistake because neither type sufficiently overlaps with the other. If this was intentional, convert the expression to 'unknown' first.
  Index signature for type 'string' is missing in type 'ProjetoAcomp'.
src/pages/AcompanhamentoGeral.tsx(1128,2): error TS17004: Cannot use JSX unless the '--jsx' flag is provided.
src/pages/AcompanhamentoGeral.tsx(1129,2): error TS17004: Cannot use JSX unless the '--jsx' flag is provided.
src/pages/AcompanhamentoGeral.tsx(1133,2): error TS17004: Cannot use JSX unless the '--jsx' flag is provided.
src/pages/AcompanhamentoGeral.tsx(1142,2): error TS17004: Cannot use JSX unless the '--jsx' flag is provided.
src/pages/AcompanhamentoGeral.tsx(1142,45): error TS2322: Type '({ readonly key: "Corte"; readonly label: "Corte"; readonly icon: ForwardRefExoticComponent<Omit<LucideProps, "ref"> & RefAttributes<SVGSVGElement>>; readonly color: "#3b82f6"; readonly bg: "#eff6ff"; readonly border: "#bfdbfe"; readonly solid: "#2563eb"; } | ... 6 more ... | { ...; })[]' is not assignable to type 'readonly [{ readonly key: "Corte"; readonly label: "Corte"; readonly icon: ForwardRefExoticComponent<Omit<LucideProps, "ref"> & RefAttributes<SVGSVGElement>>; readonly color: "#3b82f6"; readonly bg: "#eff6ff"; readonly border: "#bfdbfe"; readonly solid: "#2563eb"; }, ... 6 more ..., { ...; }]'.
  Target requires 8 element(s) but source may have fewer.
src/pages/AcompanhamentoGeral.tsx(1147,2): error TS17004: Cannot use JSX unless the '--jsx' flag is provided.
src/pages/AcompanhamentoGeral.tsx(1148,2): error TS17004: Cannot use JSX unless the '--jsx' flag is provided.
src/pages/AcompanhamentoGeral.tsx(1155,2): error TS17004: Cannot use JSX unless the '--jsx' flag is provided.
src/pages/AcompanhamentoGeral.tsx(1156,2): error TS17004: Cannot use JSX unless the '--jsx' flag is provided.
